[backblue.gif]
[fade.gif]
[index.html]
[theme.stepofweb.com/Atropos/v1.6/HTML/assets/plugins/bootstrap/css/bootstrap.min.css]
[theme.stepofweb.com/Atropos/v1.6/HTML/assets/css/font-awesome.css]
[theme.stepofweb.com/Atropos/v1.6/HTML/assets/plugins/owl-carousel/owl.carousel.css]
[theme.stepofweb.com/Atropos/v1.6/HTML/assets/plugins/owl-carousel/owl.theme.css]
[theme.stepofweb.com/Atropos/v1.6/HTML/assets/plugins/owl-carousel/owl.transitions.css]
[theme.stepofweb.com/Atropos/v1.6/HTML/assets/plugins/magnific-popup/magnific-popup.css]
[theme.stepofweb.com/Atropos/v1.6/HTML/assets/css/animate.css]
[theme.stepofweb.com/Atropos/v1.6/HTML/assets/css/superslides.css]
[theme.stepofweb.com/Atropos/v1.6/HTML/assets/plugins/revolution-slider/css/settings.css]
[theme.stepofweb.com/Atropos/v1.6/HTML/assets/css/essentials.css]
[theme.stepofweb.com/Atropos/v1.6/HTML/assets/css/layout.css]
[theme.stepofweb.com/Atropos/v1.6/HTML/assets/css/layout-responsive.css]
[theme.stepofweb.com/Atropos/v1.6/HTML/assets/css/color_scheme/orange.css]
[theme.stepofweb.com/Atropos/v1.6/HTML/assets/css/color_scheme/red.css]
[theme.stepofweb.com/Atropos/v1.6/HTML/assets/css/color_scheme/pink.css]
[theme.stepofweb.com/Atropos/v1.6/HTML/assets/css/color_scheme/yellow.css]
[theme.stepofweb.com/Atropos/v1.6/HTML/assets/css/color_scheme/darkgreen.css]
[theme.stepofweb.com/Atropos/v1.6/HTML/assets/css/color_scheme/green.css]
[theme.stepofweb.com/Atropos/v1.6/HTML/assets/css/color_scheme/darkblue.css]
[theme.stepofweb.com/Atropos/v1.6/HTML/assets/css/color_scheme/blue.css]
[theme.stepofweb.com/Atropos/v1.6/HTML/assets/css/color_scheme/brown.css]
[theme.stepofweb.com/Atropos/v1.6/HTML/assets/css/color_scheme/lightgrey.css]
[theme.stepofweb.com/Atropos/v1.6/HTML/assets/plugins/styleswitcher/styleswitcher.css]
[theme.stepofweb.com/Atropos/v1.6/HTML/assets/plugins/modernizr.min.js]
[theme.stepofweb.com/Atropos/v1.6/HTML/assets/images/flags/us.png]
[theme.stepofweb.com/Atropos/v1.6/HTML/assets/images/flags/de.png]
[theme.stepofweb.com/Atropos/v1.6/HTML/assets/images/flags/fr.png]
[theme.stepofweb.com/Atropos/v1.6/HTML/assets/images/flags/ru.png]
[theme.stepofweb.com/Atropos/v1.6/HTML/assets/images/logo.png]
[theme.stepofweb.com/Atropos/v1.6/HTML/assets/images/demo/shop/thumb/1.jpg]
[theme.stepofweb.com/Atropos/v1.6/HTML/assets/images/demo/shop/thumb/2.jpg]
[theme.stepofweb.com/Atropos/v1.6/HTML/assets/images/demo/shop/thumb/4.jpg]
[theme.stepofweb.com/Atropos/v1.6/HTML/assets/images/demo/color_schemes/1.png]
[theme.stepofweb.com/Atropos/v1.6/HTML/assets/images/demo/color_schemes/2.png]
[theme.stepofweb.com/Atropos/v1.6/HTML/assets/images/demo/color_schemes/3.png]
[theme.stepofweb.com/Atropos/v1.6/HTML/assets/images/demo/color_schemes/4.png]
[theme.stepofweb.com/Atropos/v1.6/HTML/assets/images/demo/color_schemes/5.png]
[theme.stepofweb.com/Atropos/v1.6/HTML/assets/images/demo/color_schemes/6.png]
[theme.stepofweb.com/Atropos/v1.6/HTML/assets/images/demo/color_schemes/7.png]
[theme.stepofweb.com/Atropos/v1.6/HTML/assets/images/demo/color_schemes/8.png]
[theme.stepofweb.com/Atropos/v1.6/HTML/assets/images/demo/color_schemes/9.png]
[theme.stepofweb.com/Atropos/v1.6/HTML/assets/images/demo/color_schemes/10.png]
[theme.stepofweb.com/Atropos/v1.6/HTML/assets/images/patterns/none.jpg]
[theme.stepofweb.com/Atropos/v1.6/HTML/assets/images/patterns/pattern2.png]
[theme.stepofweb.com/Atropos/v1.6/HTML/assets/images/patterns/pattern3.png]
[theme.stepofweb.com/Atropos/v1.6/HTML/assets/images/patterns/pattern4.png]
[theme.stepofweb.com/Atropos/v1.6/HTML/assets/images/patterns/pattern5.png]
[theme.stepofweb.com/Atropos/v1.6/HTML/assets/images/patterns/pattern6.png]
[theme.stepofweb.com/Atropos/v1.6/HTML/assets/images/patterns/pattern7.png]
[theme.stepofweb.com/Atropos/v1.6/HTML/assets/images/patterns/pattern8.png]
[theme.stepofweb.com/Atropos/v1.6/HTML/assets/images/patterns/pattern9.png]
[theme.stepofweb.com/Atropos/v1.6/HTML/assets/images/patterns/pattern10.png]
[theme.stepofweb.com/Atropos/v1.6/HTML/assets/images/boxed_background/none.jpg]
[theme.stepofweb.com/Atropos/v1.6/HTML/assets/images/boxed_background/1.jpg]
[theme.stepofweb.com/Atropos/v1.6/HTML/assets/images/boxed_background/1_thumb.jpg]
[theme.stepofweb.com/Atropos/v1.6/HTML/assets/images/boxed_background/2.jpg]
[theme.stepofweb.com/Atropos/v1.6/HTML/assets/images/boxed_background/2_thumb.jpg]
[theme.stepofweb.com/Atropos/v1.6/HTML/assets/images/boxed_background/3.jpg]
[theme.stepofweb.com/Atropos/v1.6/HTML/assets/images/boxed_background/3_thumb.jpg]
[theme.stepofweb.com/Atropos/v1.6/HTML/assets/images/boxed_background/4.jpg]
[theme.stepofweb.com/Atropos/v1.6/HTML/assets/images/boxed_background/4_thumb.jpg]
[theme.stepofweb.com/Atropos/v1.6/HTML/assets/images/demo/revolution_slider/sliderbg.jpg]
[theme.stepofweb.com/Atropos/v1.6/HTML/assets/images/demo/revolution_slider/desktop_slider_2.png]
[theme.stepofweb.com/Atropos/v1.6/HTML/assets/images/demo/revolution_slider/slider_run.png]
[theme.stepofweb.com/Atropos/v1.6/HTML/assets/images/demo/revolution_slider/slider7.jpg]
[theme.stepofweb.com/Atropos/v1.6/HTML/assets/images/demo/revolution_slider/church_parallax.jpg]
[theme.stepofweb.com/Atropos/v1.6/HTML/assets/images/demo/brands/1.jpg]
[theme.stepofweb.com/Atropos/v1.6/HTML/assets/images/demo/brands/2.jpg]
[theme.stepofweb.com/Atropos/v1.6/HTML/assets/images/demo/brands/3.jpg]
[theme.stepofweb.com/Atropos/v1.6/HTML/assets/images/demo/brands/4.jpg]
[theme.stepofweb.com/Atropos/v1.6/HTML/assets/images/demo/brands/5.jpg]
[theme.stepofweb.com/Atropos/v1.6/HTML/assets/images/demo/brands/6.jpg]
[theme.stepofweb.com/Atropos/v1.6/HTML/assets/images/demo/brands/7.jpg]
[theme.stepofweb.com/Atropos/v1.6/HTML/assets/images/demo/brands/8.jpg]
[theme.stepofweb.com/Atropos/v1.6/HTML/assets/images/demo/test_2.jpg]
[theme.stepofweb.com/Atropos/v1.6/HTML/assets/images/demo/test_1.jpg]
[theme.stepofweb.com/Atropos/v1.6/HTML/assets/images/demo/parallax.jpg]
[theme.stepofweb.com/Atropos/v1.6/HTML/assets/images/demo/desktop2.png]
[theme.stepofweb.com/Atropos/v1.6/HTML/assets/images/logo_footer.png]
[theme.stepofweb.com/Atropos/v1.6/HTML/assets/plugins/jquery.easing.1.3.js]
[theme.stepofweb.com/Atropos/v1.6/HTML/assets/plugins/jquery.cookie.js]
[theme.stepofweb.com/Atropos/v1.6/HTML/assets/plugins/jquery.appear.js]
[theme.stepofweb.com/Atropos/v1.6/HTML/assets/plugins/jquery-2.1.3.min.js]
[theme.stepofweb.com/Atropos/v1.6/HTML/assets/plugins/jquery.isotope.js]
[theme.stepofweb.com/Atropos/v1.6/HTML/assets/plugins/masonry.js]
[theme.stepofweb.com/Atropos/v1.6/HTML/assets/plugins/bootstrap/js/bootstrap.min.js]
[theme.stepofweb.com/Atropos/v1.6/HTML/assets/plugins/magnific-popup/jquery.magnific-popup.min.js]
[theme.stepofweb.com/Atropos/v1.6/HTML/assets/plugins/stellar/jquery.stellar.min.js]
[theme.stepofweb.com/Atropos/v1.6/HTML/assets/plugins/owl-carousel/owl.carousel.min.js]
[theme.stepofweb.com/Atropos/v1.6/HTML/assets/plugins/knob/js/jquery.knob.js]
[theme.stepofweb.com/Atropos/v1.6/HTML/assets/plugins/jquery.backstretch.min.js]
[theme.stepofweb.com/Atropos/v1.6/HTML/assets/plugins/superslides/dist/jquery.superslides.min.js]
[theme.stepofweb.com/Atropos/v1.6/HTML/assets/plugins/styleswitcher/styleswitcher.js]
[theme.stepofweb.com/Atropos/v1.6/HTML/assets/plugins/mediaelement/build/mediaelement-and-player.min.js]
[theme.stepofweb.com/Atropos/v1.6/HTML/assets/js/slider_revolution.js]
[theme.stepofweb.com/Atropos/v1.6/HTML/index.html]
[theme.stepofweb.com/Atropos/v1.6/HTML/assets/plugins/revolution-slider/js/jquery.themepunch.revolution.min.js]
[theme.stepofweb.com/Atropos/v1.6/HTML/assets/plugins/revolution-slider/js/jquery.themepunch.tools.min.js]
[theme.stepofweb.com/Atropos/v1.6/HTML/assets/plugins/bootstrap/fonts/glyphicons-halflings-regular.eot]
[theme.stepofweb.com/Atropos/v1.6/HTML/assets/plugins/bootstrap/fonts/glyphicons-halflings-regular.woff]
[theme.stepofweb.com/Atropos/v1.6/HTML/assets/js/scripts.js]
[theme.stepofweb.com/Atropos/v1.6/HTML/assets/plugins/bootstrap/fonts/glyphicons-halflings-regular.ttf]
[theme.stepofweb.com/Atropos/v1.6/HTML/assets/plugins/bootstrap/fonts/glyphicons-halflings-regulard41d.eot]
[theme.stepofweb.com/Atropos/v1.6/HTML/assets/plugins/bootstrap/css/bootstrap.min.css]
[theme.stepofweb.com/Atropos/v1.6/HTML/assets/fonts/fontawesome-webfont862f.eot]
[theme.stepofweb.com/Atropos/v1.6/HTML/assets/fonts/fontawesome-webfontd41d.eot]
[theme.stepofweb.com/Atropos/v1.6/HTML/assets/fonts/fontawesome-webfont862f.woff]
[theme.stepofweb.com/Atropos/v1.6/HTML/assets/fonts/fontawesome-webfont862f.ttf]
[theme.stepofweb.com/Atropos/v1.6/HTML/assets/css/font-awesome.css]
[theme.stepofweb.com/Atropos/v1.6/HTML/assets/plugins/owl-carousel/grabbing.png]
[theme.stepofweb.com/Atropos/v1.6/HTML/assets/plugins/owl-carousel/owl.carousel.css]
[theme.stepofweb.com/Atropos/v1.6/HTML/assets/plugins/owl-carousel/AjaxLoader.gif]
[theme.stepofweb.com/Atropos/v1.6/HTML/assets/plugins/owl-carousel/owl.theme.css]
[theme.stepofweb.com/Atropos/v1.6/HTML/assets/plugins/owl-carousel/owl.transitions.css]
[theme.stepofweb.com/Atropos/v1.6/HTML/assets/plugins/magnific-popup/magnific-popup.css]
[theme.stepofweb.com/Atropos/v1.6/HTML/assets/css/animate.css]
[theme.stepofweb.com/Atropos/v1.6/HTML/assets/images/slider_pagebullet.png]
[theme.stepofweb.com/Atropos/v1.6/HTML/assets/css/superslides.css]
[theme.stepofweb.com/Atropos/v1.6/HTML/assets/plugins/revolution-slider/images/gradient/g30.png]
[theme.stepofweb.com/Atropos/v1.6/HTML/assets/plugins/revolution-slider/images/gradient/g40.png]
[theme.stepofweb.com/Atropos/v1.6/HTML/assets/plugins/revolution-slider/assets/shadow1.png]
[theme.stepofweb.com/Atropos/v1.6/HTML/assets/plugins/revolution-slider/assets/shadow2.png]
[theme.stepofweb.com/Atropos/v1.6/HTML/assets/plugins/revolution-slider/assets/shadow3.png]
[theme.stepofweb.com/Atropos/v1.6/HTML/assets/plugins/revolution-slider/assets/gridtile.png]
[theme.stepofweb.com/Atropos/v1.6/HTML/assets/plugins/revolution-slider/assets/gridtile_white.png]
[theme.stepofweb.com/Atropos/v1.6/HTML/assets/plugins/revolution-slider/assets/gridtile_3x3.png]
[theme.stepofweb.com/Atropos/v1.6/HTML/assets/plugins/revolution-slider/assets/gridtile_3x3_white.png]
[theme.stepofweb.com/Atropos/v1.6/HTML/assets/plugins/revolution-slider/assets/boxed_bgtile.png]
[theme.stepofweb.com/Atropos/v1.6/HTML/assets/plugins/revolution-slider/assets/navigdots_bgtile.png]
[theme.stepofweb.com/Atropos/v1.6/HTML/assets/plugins/revolution-slider/assets/bullet.png]
[theme.stepofweb.com/Atropos/v1.6/HTML/assets/plugins/revolution-slider/assets/bullets.png]
[theme.stepofweb.com/Atropos/v1.6/HTML/assets/plugins/revolution-slider/assets/bullets2.png]
[theme.stepofweb.com/Atropos/v1.6/HTML/assets/plugins/revolution-slider/assets/bullet_boxed.png]
[theme.stepofweb.com/Atropos/v1.6/HTML/assets/plugins/revolution-slider/assets/navigdots.png]
[theme.stepofweb.com/Atropos/v1.6/HTML/assets/plugins/revolution-slider/assets/large_left.png]
[theme.stepofweb.com/Atropos/v1.6/HTML/assets/plugins/revolution-slider/assets/large_right.png]
[theme.stepofweb.com/Atropos/v1.6/HTML/assets/plugins/revolution-slider/assets/small_left.png]
[theme.stepofweb.com/Atropos/v1.6/HTML/assets/plugins/revolution-slider/assets/small_right.png]
[theme.stepofweb.com/Atropos/v1.6/HTML/assets/plugins/revolution-slider/assets/arrow_left.png]
[theme.stepofweb.com/Atropos/v1.6/HTML/assets/plugins/revolution-slider/assets/arrow_right.png]
[theme.stepofweb.com/Atropos/v1.6/HTML/assets/plugins/revolution-slider/assets/small_left_boxed.png]
[theme.stepofweb.com/Atropos/v1.6/HTML/assets/plugins/revolution-slider/assets/small_right_boxed.png]
[theme.stepofweb.com/Atropos/v1.6/HTML/assets/plugins/revolution-slider/assets/arrowleft.png]
[theme.stepofweb.com/Atropos/v1.6/HTML/assets/plugins/revolution-slider/assets/arrowright.png]
[theme.stepofweb.com/Atropos/v1.6/HTML/assets/plugins/revolution-slider/assets/arrow_left2.png]
[theme.stepofweb.com/Atropos/v1.6/HTML/assets/plugins/revolution-slider/assets/arrow_right2.png]
[theme.stepofweb.com/Atropos/v1.6/HTML/assets/plugins/revolution-slider/assets/timer.png]
[theme.stepofweb.com/Atropos/v1.6/HTML/assets/plugins/revolution-slider/assets/coloredbg.png]
[theme.stepofweb.com/Atropos/v1.6/HTML/assets/plugins/revolution-slider/assets/loader.gif]
[theme.stepofweb.com/Atropos/v1.6/HTML/assets/plugins/revolution-slider/font/revicons90c6.eot]
[theme.stepofweb.com/Atropos/v1.6/HTML/assets/plugins/revolution-slider/font/revicons90c6.woff]
[theme.stepofweb.com/Atropos/v1.6/HTML/assets/plugins/revolution-slider/font/revicons90c6.ttf]
[theme.stepofweb.com/Atropos/v1.6/HTML/assets/plugins/revolution-slider/css/settings.css]
[theme.stepofweb.com/Atropos/v1.6/HTML/assets/images/female.png]
[theme.stepofweb.com/Atropos/v1.6/HTML/assets/images/male.png]
[theme.stepofweb.com/Atropos/v1.6/HTML/assets/images/patterns/pattern1.png]
[theme.stepofweb.com/Atropos/v1.6/HTML/assets/css/essentials.css]
[theme.stepofweb.com/Atropos/v1.6/HTML/assets/images/header_shadow.png]
[theme.stepofweb.com/Atropos/v1.6/HTML/assets/images/loading.gif]
[theme.stepofweb.com/Atropos/v1.6/HTML/assets/images/footer_sprite.png]
[theme.stepofweb.com/Atropos/v1.6/HTML/assets/css/layout.css]
[theme.stepofweb.com/Atropos/v1.6/HTML/assets/css/layout-responsive.css]
[theme.stepofweb.com/Atropos/v1.6/HTML/assets/css/color_scheme/orange.css]
[theme.stepofweb.com/Atropos/v1.6/HTML/assets/css/color_scheme/red.css]
[theme.stepofweb.com/Atropos/v1.6/HTML/assets/css/color_scheme/pink.css]
[theme.stepofweb.com/Atropos/v1.6/HTML/assets/css/color_scheme/yellow.css]
[theme.stepofweb.com/Atropos/v1.6/HTML/assets/css/color_scheme/darkgreen.css]
[theme.stepofweb.com/Atropos/v1.6/HTML/assets/css/color_scheme/green.css]
[theme.stepofweb.com/Atropos/v1.6/HTML/assets/css/color_scheme/darkblue.css]
[theme.stepofweb.com/Atropos/v1.6/HTML/assets/css/color_scheme/blue.css]
[theme.stepofweb.com/Atropos/v1.6/HTML/assets/css/color_scheme/brown.css]
[theme.stepofweb.com/Atropos/v1.6/HTML/assets/css/color_scheme/lightgrey.css]
[theme.stepofweb.com/Atropos/v1.6/HTML/assets/plugins/styleswitcher/styleswitcher.css]
[theme.stepofweb.com/Atropos/v1.6/HTML/assets/css/shop.css]
[theme.stepofweb.com/Atropos/v1.6/HTML/page-signin.html]
[theme.stepofweb.com/Atropos/v1.6/HTML/page-signup.html]
[theme.stepofweb.com/Atropos/v1.6/HTML/assets/plugins/holder.js]
[theme.stepofweb.com/Atropos/v1.6/HTML/assets/images/demo/shop/1.jpg]
[theme.stepofweb.com/Atropos/v1.6/HTML/assets/images/demo/shop/2.jpg]
[theme.stepofweb.com/Atropos/v1.6/HTML/assets/images/demo/shop/4.jpg]
[theme.stepofweb.com/Atropos/v1.6/HTML/shop-cart.html]
[theme.stepofweb.com/Atropos/v1.6/HTML/assets/images/demo/about_1.jpg]
[theme.stepofweb.com/Atropos/v1.6/HTML/assets/images/demo/about_2.jpg]
[theme.stepofweb.com/Atropos/v1.6/HTML/assets/images/demo/people/1.jpg]
[theme.stepofweb.com/Atropos/v1.6/HTML/assets/images/demo/people/2.jpg]
[theme.stepofweb.com/Atropos/v1.6/HTML/assets/images/demo/people/3.jpg]
[theme.stepofweb.com/Atropos/v1.6/HTML/assets/images/demo/people/4.jpg]
[theme.stepofweb.com/Atropos/v1.6/HTML/page-about-us.html]
[theme.stepofweb.com/Atropos/v1.6/HTML/php/captcha5204.png]
[theme.stepofweb.com/Atropos/v1.6/HTML/contact-us.html]
[theme.stepofweb.com/Atropos/v1.6/HTML/index-2.html]
[theme.stepofweb.com/Atropos/v1.6/HTML/assets/js/contact_ajax.js]
[theme.stepofweb.com/Atropos/v1.6/HTML/assets/images/demo/revolution_slider/text_slider.jpg]
[theme.stepofweb.com/Atropos/v1.6/HTML/assets/images/demo/revolution_slider/5378467111_e8b9e98f8f_o.jpg]
[theme.stepofweb.com/Atropos/v1.6/HTML/assets/images/demo/portfolio/slider/1.jpg]
[theme.stepofweb.com/Atropos/v1.6/HTML/assets/images/demo/portfolio/slider/2.jpg]
[theme.stepofweb.com/Atropos/v1.6/HTML/assets/images/demo/portfolio/slider/3.jpg]
[theme.stepofweb.com/Atropos/v1.6/HTML/assets/images/demo/portfolio/slider/4.jpg]
[theme.stepofweb.com/Atropos/v1.6/HTML/assets/images/demo/portfolio/slider/5.jpg]
[theme.stepofweb.com/Atropos/v1.6/HTML/assets/images/demo/portfolio/slider/6.jpg]
[theme.stepofweb.com/Atropos/v1.6/HTML/assets/images/demo/portfolio/slider/7.jpg]
[theme.stepofweb.com/Atropos/v1.6/HTML/assets/images/demo/portfolio/slider/8.jpg]
[theme.stepofweb.com/Atropos/v1.6/HTML/assets/images/demo/shop/slider/1.jpg]
[theme.stepofweb.com/Atropos/v1.6/HTML/assets/images/demo/shop/slider/5.jpg]
[theme.stepofweb.com/Atropos/v1.6/HTML/assets/images/demo/shop/slider/9.jpg]
[theme.stepofweb.com/Atropos/v1.6/HTML/assets/images/demo/shop/7.jpg]
[theme.stepofweb.com/Atropos/v1.6/HTML/assets/images/demo/shop/5.jpg]
[theme.stepofweb.com/Atropos/v1.6/HTML/assets/images/dummy.png]
[theme.stepofweb.com/Atropos/v1.6/HTML/assets/images/demo/desktop.png]
[theme.stepofweb.com/Atropos/v1.6/HTML/assets/images/demo/portfolio/scouter.jpg]
[theme.stepofweb.com/Atropos/v1.6/HTML/assets/images/demo/portfolio/scouter-600x403.jpg]
[theme.stepofweb.com/Atropos/v1.6/HTML/assets/images/demo/portfolio/black-kitty-600x403.jpg]
[theme.stepofweb.com/Atropos/v1.6/HTML/assets/images/demo/portfolio/merchant2-600x403.jpg]
[theme.stepofweb.com/Atropos/v1.6/HTML/revolution-half-slider.html]
[theme.stepofweb.com/Atropos/v1.6/HTML/assets/images/demo/revolution_slider/furniturebg22.jpg]
[theme.stepofweb.com/Atropos/v1.6/HTML/assets/images/demo/revolution_slider/bed1.jpg]
[theme.stepofweb.com/Atropos/v1.6/HTML/assets/images/demo/revolution_slider/rightarrow.png]
[theme.stepofweb.com/Atropos/v1.6/HTML/assets/images/demo/revolution_slider/leftarrow.png]
[theme.stepofweb.com/Atropos/v1.6/HTML/assets/images/demo/revolution_slider/restaurantbg.jpg]
[theme.stepofweb.com/Atropos/v1.6/HTML/assets/images/demo/revolution_slider/food1.jpg]
[theme.stepofweb.com/Atropos/v1.6/HTML/assets/images/demo/revolution_slider/condoebg1.jpg]
[theme.stepofweb.com/Atropos/v1.6/HTML/assets/images/demo/revolution_slider/apartment3.jpg]
[theme.stepofweb.com/Atropos/v1.6/HTML/assets/images/demo/revolution_slider/apartment2.jpg]
[theme.stepofweb.com/Atropos/v1.6/HTML/assets/images/demo/revolution_slider/apartment1.jpg]
[theme.stepofweb.com/Atropos/v1.6/HTML/assets/images/demo/revolution_slider/familybg.jpg]
[theme.stepofweb.com/Atropos/v1.6/HTML/revolution-full-slider.html]
[theme.stepofweb.com/Atropos/v1.6/HTML/assets/images/demo/video/1.jpg]
[theme.stepofweb.com/Atropos/v1.6/HTML/assets/images/demo/video/1.mp4]
[theme.stepofweb.com/Atropos/v1.6/HTML/assets/images/demo/video/1.webm]
[theme.stepofweb.com/Atropos/v1.6/HTML/assets/images/demo/video/1.ogv]
[theme.stepofweb.com/Atropos/v1.6/HTML/revolution-video.html]
[theme.stepofweb.com/Atropos/v1.6/HTML/assets/images/demo/revolution_slider/kenburns1.jpg]
[theme.stepofweb.com/Atropos/v1.6/HTML/assets/images/demo/revolution_slider/kenburns2.jpg]
[theme.stepofweb.com/Atropos/v1.6/HTML/assets/images/demo/revolution_slider/kenburns11.jpg]
[theme.stepofweb.com/Atropos/v1.6/HTML/assets/images/demo/revolution_slider/kenburns5.jpg]
[theme.stepofweb.com/Atropos/v1.6/HTML/assets/images/demo/revolution_slider/kenburns9.jpg]
[theme.stepofweb.com/Atropos/v1.6/HTML/revolution-ken-burns.html]
[theme.stepofweb.com/Atropos/v1.6/HTML/revolution-official-1.html]
[theme.stepofweb.com/Atropos/v1.6/HTML/assets/images/demo/parallax_bg.jpg]
[theme.stepofweb.com/Atropos/v1.6/HTML/assets/images/demo/clouds.jpg]
[theme.stepofweb.com/Atropos/v1.6/HTML/superslides-slider-half.html]
[theme.stepofweb.com/Atropos/v1.6/HTML/superslides-slider-full.html]
[theme.stepofweb.com/Atropos/v1.6/HTML/assets/plugins/mediaelement/build/flashmediaelement.swf]
[theme.stepofweb.com/Atropos/v1.6/HTML/superslides-video.html]
[theme.stepofweb.com/Atropos/v1.6/HTML/superslides-video-full.html]
[theme.stepofweb.com/Atropos/v1.6/HTML/assets/images/demo/revolution_slider/darkblurbg.jpg]
[theme.stepofweb.com/Atropos/v1.6/HTML/assets/images/demo/revolution_slider/macbook2.png]
[theme.stepofweb.com/Atropos/v1.6/HTML/assets/images/demo/revolution_slider/imac1.png]
[theme.stepofweb.com/Atropos/v1.6/HTML/assets/images/demo/revolution_slider/lupe_macbook.png]
[theme.stepofweb.com/Atropos/v1.6/HTML/assets/images/demo/revolution_slider/lupe_imac.png]
[theme.stepofweb.com/Atropos/v1.6/HTML/assets/images/demo/portfolio/7.jpg]
[theme.stepofweb.com/Atropos/v1.6/HTML/assets/images/demo/portfolio/8.jpg]
[theme.stepofweb.com/Atropos/v1.6/HTML/assets/images/demo/portfolio/2.jpg]
[theme.stepofweb.com/Atropos/v1.6/HTML/index-extended.html]
[theme.stepofweb.com/Atropos/v1.6/HTML/assets/images/demo/portfolio/flippin-the-bird1-600x403.jpg]
[theme.stepofweb.com/Atropos/v1.6/HTML/assets/images/demo/portfolio/night_to_remember1-600x403.jpg]
[theme.stepofweb.com/Atropos/v1.6/HTML/assets/images/demo/portfolio/spacebound-600x403.jpg]
[theme.stepofweb.com/Atropos/v1.6/HTML/assets/images/demo/portfolio/be-my-guest1-600x403.jpg]
[theme.stepofweb.com/Atropos/v1.6/HTML/assets/images/demo/portfolio/black-box5-600x403.jpg]
[theme.stepofweb.com/Atropos/v1.6/HTML/assets/images/demo/portfolio/weather-app-600x403.jpg]
[theme.stepofweb.com/Atropos/v1.6/HTML/assets/images/demo/portfolio/theMoose-600x403.jpg]
[theme.stepofweb.com/Atropos/v1.6/HTML/assets/images/demo/portfolio/tumblr_mopqj9QUeq1st5lhmo1_12801-600x403.jpg]
[theme.stepofweb.com/Atropos/v1.6/HTML/portfolio-home.html]
[theme.stepofweb.com/Atropos/v1.6/HTML/assets/images/demo/shop/9.jpg]
[theme.stepofweb.com/Atropos/v1.6/HTML/assets/images/demo/shop/3.jpg]
[theme.stepofweb.com/Atropos/v1.6/HTML/assets/images/demo/shop/6.jpg]
[theme.stepofweb.com/Atropos/v1.6/HTML/assets/images/demo/shop/8.jpg]
[theme.stepofweb.com/Atropos/v1.6/HTML/shop-home.html]
[theme.stepofweb.com/Atropos/v1.6/HTML/assets/css/realestate.css]
[theme.stepofweb.com/Atropos/v1.6/HTML/assets/images/demo/realestate/1.jpg]
[theme.stepofweb.com/Atropos/v1.6/HTML/assets/images/demo/realestate/2.jpg]
[theme.stepofweb.com/Atropos/v1.6/HTML/assets/images/demo/realestate/3.jpg]
[theme.stepofweb.com/Atropos/v1.6/HTML/assets/images/demo/realestate/images/thumb/2.jpg]
[theme.stepofweb.com/Atropos/v1.6/HTML/assets/images/demo/realestate/images/thumb/6.jpg]
[theme.stepofweb.com/Atropos/v1.6/HTML/assets/images/demo/realestate/images/thumb/7.jpg]
[theme.stepofweb.com/Atropos/v1.6/HTML/assets/images/demo/realestate/images/thumb/8.jpg]
[theme.stepofweb.com/Atropos/v1.6/HTML/assets/images/demo/realestate/images/thumb/3.jpg]
[theme.stepofweb.com/Atropos/v1.6/HTML/assets/images/demo/realestate/images/thumb/4.jpg]
[theme.stepofweb.com/Atropos/v1.6/HTML/assets/images/demo/realestate/images/thumb/5.jpg]
[theme.stepofweb.com/Atropos/v1.6/HTML/assets/images/demo/realestate/images/thumb/1.jpg]
[theme.stepofweb.com/Atropos/v1.6/HTML/realestate-home.html]
[theme.stepofweb.com/Atropos/v1.6/HTML/assets/css/countdown.css]
[theme.stepofweb.com/Atropos/v1.6/HTML/assets/images/demo/home/church_slider_1.jpg]
[theme.stepofweb.com/Atropos/v1.6/HTML/assets/images/demo/home/church_slider_3.jpg]
[theme.stepofweb.com/Atropos/v1.6/HTML/assets/images/demo/home/church_slider_2.jpg]
[theme.stepofweb.com/Atropos/v1.6/HTML/assets/images/demo/home/church_thumb_1.jpg]
[theme.stepofweb.com/Atropos/v1.6/HTML/assets/images/demo/home/church_thumb_2.jpg]
[theme.stepofweb.com/Atropos/v1.6/HTML/assets/images/demo/home/church_thumb_3.jpg]
[theme.stepofweb.com/Atropos/v1.6/HTML/assets/images/demo/home/church_parallax.jpg]
[theme.stepofweb.com/Atropos/v1.6/HTML/assets/plugins/jquery-countdown/jquery.countdown.min.js]
[theme.stepofweb.com/Atropos/v1.6/HTML/assets/js/countdown.js]
[theme.stepofweb.com/Atropos/v1.6/HTML/church-home.html]
[theme.stepofweb.com/Atropos/v1.6/HTML/assets/images/demo/home/medical_slide_2.jpg]
[theme.stepofweb.com/Atropos/v1.6/HTML/assets/images/demo/home/medical_slide_1.jpg]
[theme.stepofweb.com/Atropos/v1.6/HTML/assets/images/demo/home/medical_3.jpg]
[theme.stepofweb.com/Atropos/v1.6/HTML/assets/images/demo/home/medical_2.jpg]
[theme.stepofweb.com/Atropos/v1.6/HTML/assets/images/demo/home/medical_1.jpg]
[theme.stepofweb.com/Atropos/v1.6/HTML/medical-home.html]
[theme.stepofweb.com/Atropos/v1.6/HTML/assets/images/demo/home/college_thumb_1.jpg]
[theme.stepofweb.com/Atropos/v1.6/HTML/assets/images/demo/home/college_thumb_2.jpg]
[theme.stepofweb.com/Atropos/v1.6/HTML/assets/images/demo/home/college_thumb_3.jpg]
[theme.stepofweb.com/Atropos/v1.6/HTML/college-home.html]
[theme.stepofweb.com/Atropos/v1.6/HTML/assets/images/demo/people/fixed-height/3.jpg]
[theme.stepofweb.com/Atropos/v1.6/HTML/assets/images/demo/people/fixed-height/5.jpg]
[theme.stepofweb.com/Atropos/v1.6/HTML/assets/images/demo/people/fixed-height/7.jpg]
[theme.stepofweb.com/Atropos/v1.6/HTML/assets/images/demo/people/fixed-height/8.jpg]
[theme.stepofweb.com/Atropos/v1.6/HTML/onepage-superslides.html]
[theme.stepofweb.com/Atropos/v1.6/HTML/onepage-revolution.html]
[theme.stepofweb.com/Atropos/v1.6/HTML/assets/plugins/jquery.nav.min.js]
[theme.stepofweb.com/Atropos/v1.6/HTML/assets/images/demo/help/print1.jpg]
[theme.stepofweb.com/Atropos/v1.6/HTML/assets/images/demo/screens/scr3.jpg]
[theme.stepofweb.com/Atropos/v1.6/HTML/assets/images/demo/screens/_thumb/scr3.jpg]
[theme.stepofweb.com/Atropos/v1.6/HTML/assets/images/demo/screens/scr4.jpg]
[theme.stepofweb.com/Atropos/v1.6/HTML/assets/images/demo/screens/_thumb/scr4.jpg]
[theme.stepofweb.com/Atropos/v1.6/HTML/assets/images/demo/screens/scr1.jpg]
[theme.stepofweb.com/Atropos/v1.6/HTML/assets/images/demo/screens/_thumb/scr1.jpg]
[theme.stepofweb.com/Atropos/v1.6/HTML/assets/images/demo/screens/scr2.jpg]
[theme.stepofweb.com/Atropos/v1.6/HTML/assets/images/demo/screens/_thumb/scr2.jpg]
[theme.stepofweb.com/Atropos/v1.6/HTML/index-more.html]
[theme.stepofweb.com/Atropos/v1.6/HTML/shortcodes-rows.html]
[theme.stepofweb.com/Atropos/v1.6/HTML/page-about-me.html]
[theme.stepofweb.com/Atropos/v1.6/HTML/assets/images/demo/people/5.jpg]
[theme.stepofweb.com/Atropos/v1.6/HTML/assets/images/demo/people/6.jpg]
[theme.stepofweb.com/Atropos/v1.6/HTML/assets/images/demo/people/7.jpg]
[theme.stepofweb.com/Atropos/v1.6/HTML/assets/images/demo/people/8.jpg]
[theme.stepofweb.com/Atropos/v1.6/HTML/page-team.html]
[theme.stepofweb.com/Atropos/v1.6/HTML/page-services.html]
[theme.stepofweb.com/Atropos/v1.6/HTML/assets/images/demo/test_2_small.jpg]
[theme.stepofweb.com/Atropos/v1.6/HTML/page-faq.html]
[theme.stepofweb.com/Atropos/v1.6/HTML/page-support.html]
[theme.stepofweb.com/Atropos/v1.6/HTML/page-privacy-policy.html]
[theme.stepofweb.com/Atropos/v1.6/HTML/page-terms-and-conditions.html]
[theme.stepofweb.com/Atropos/v1.6/HTML/page-invoice.html]
[theme.stepofweb.com/Atropos/v1.6/HTML/contact-us-2.html]
[theme.stepofweb.com/Atropos/v1.6/HTML/contact-us-3.html]
[theme.stepofweb.com/Atropos/v1.6/HTML/contact-us-4.html]
[theme.stepofweb.com/Atropos/v1.6/HTML/page-sitemap.html]
[theme.stepofweb.com/Atropos/v1.6/HTML/page-testimonials.html]
[theme.stepofweb.com/Atropos/v1.6/HTML/page-pricing.html]
[theme.stepofweb.com/Atropos/v1.6/HTML/page-404.html]
[theme.stepofweb.com/Atropos/v1.6/HTML/assets/images/covers/cover_1.jpg]
[theme.stepofweb.com/Atropos/v1.6/HTML/assets/images/covers/cover_2.jpg]
[theme.stepofweb.com/Atropos/v1.6/HTML/assets/images/covers/cover_3.jpg]
[theme.stepofweb.com/Atropos/v1.6/HTML/assets/images/covers/cover_4.jpg]
[theme.stepofweb.com/Atropos/v1.6/HTML/page-maintenance.html]
[theme.stepofweb.com/Atropos/v1.6/HTML/page-coming-soon-image.html]
[theme.stepofweb.com/Atropos/v1.6/HTML/assets/plugins/jquery-migrate-1.2.1.min.js]
[theme.stepofweb.com/Atropos/v1.6/HTML/page-coming-soon-video.html]
[theme.stepofweb.com/Atropos/v1.6/HTML/page-header-basic.html]
[theme.stepofweb.com/Atropos/v1.6/HTML/page-header-image.html]
[theme.stepofweb.com/Atropos/v1.6/HTML/page-header-overlay1.html]
[theme.stepofweb.com/Atropos/v1.6/HTML/page-header-overlay2.html]
[theme.stepofweb.com/Atropos/v1.6/HTML/page-header-overlay3.html]
[theme.stepofweb.com/Atropos/v1.6/HTML/page-header-delayed-parallax.html]
[theme.stepofweb.com/Atropos/v1.6/HTML/page-header-standard-parallax.html]
[theme.stepofweb.com/Atropos/v1.6/HTML/assets/images/demo/test_1_thumb.jpg]
[theme.stepofweb.com/Atropos/v1.6/HTML/assets/plugins/jquery.mb.YTPlayer.js]
[theme.stepofweb.com/Atropos/v1.6/HTML/assets/images/demo/test_2_thumb.jpg]
[theme.stepofweb.com/Atropos/v1.6/HTML/page-full-width.html]
[theme.stepofweb.com/Atropos/v1.6/HTML/page-left-sidebar.html]
[theme.stepofweb.com/Atropos/v1.6/HTML/page-right-sidebar.html]
[theme.stepofweb.com/Atropos/v1.6/HTML/assets/images/demo/portfolio/thumb/e1.jpg]
[theme.stepofweb.com/Atropos/v1.6/HTML/assets/images/demo/portfolio/thumb/e2.jpg]
[theme.stepofweb.com/Atropos/v1.6/HTML/assets/images/demo/portfolio/thumb/e3.jpg]
[theme.stepofweb.com/Atropos/v1.6/HTML/assets/images/demo/portfolio/thumb/e4.jpg]
[theme.stepofweb.com/Atropos/v1.6/HTML/assets/images/demo/portfolio/thumb/e5.jpg]
[theme.stepofweb.com/Atropos/v1.6/HTML/assets/images/demo/portfolio/thumb/e6.jpg]
[theme.stepofweb.com/Atropos/v1.6/HTML/assets/images/demo/portfolio/thumb/e7.jpg]
[theme.stepofweb.com/Atropos/v1.6/HTML/assets/images/demo/portfolio/thumb/e8.jpg]
[theme.stepofweb.com/Atropos/v1.6/HTML/assets/images/demo/portfolio/thumb/e9.jpg]
[theme.stepofweb.com/Atropos/v1.6/HTML/assets/images/email_template/social_icon1.png]
[theme.stepofweb.com/Atropos/v1.6/HTML/assets/images/email_template/social_icon2.png]
[theme.stepofweb.com/Atropos/v1.6/HTML/assets/images/email_template/social_icon3.png]
[theme.stepofweb.com/Atropos/v1.6/HTML/assets/images/email_template/social_icon4.png]
[theme.stepofweb.com/Atropos/v1.6/HTML/email-template.html]
[theme.stepofweb.com/Atropos/v1.6/HTML/feature-grid-system.html]
[theme.stepofweb.com/Atropos/v1.6/HTML/feature-icons.html]
[theme.stepofweb.com/Atropos/v1.6/HTML/feature-pricing-tables.html]
[theme.stepofweb.com/Atropos/v1.6/HTML/feature-testimonials.html]
[theme.stepofweb.com/Atropos/v1.6/HTML/assets/images/demo/test_1_small.jpg]
[theme.stepofweb.com/Atropos/v1.6/HTML/feature-animations.html]
[theme.stepofweb.com/Atropos/v1.6/HTML/feature-typograpy.html]
[theme.stepofweb.com/Atropos/v1.6/HTML/assets/images/demo/magazine/1.jpg]
[theme.stepofweb.com/Atropos/v1.6/HTML/assets/images/demo/magazine/2.jpg]
[theme.stepofweb.com/Atropos/v1.6/HTML/assets/images/demo/magazine/3.jpg]
[theme.stepofweb.com/Atropos/v1.6/HTML/feature-content-carousel.html]
[theme.stepofweb.com/Atropos/v1.6/HTML/header-1.html]
[theme.stepofweb.com/Atropos/v1.6/HTML/header-2.html]
[theme.stepofweb.com/Atropos/v1.6/HTML/header-3.html]
[theme.stepofweb.com/Atropos/v1.6/HTML/header-4.html]
[theme.stepofweb.com/Atropos/v1.6/HTML/assets/images/demo/magazine/article/thumb_1.jpg]
[theme.stepofweb.com/Atropos/v1.6/HTML/assets/images/demo/magazine/article/thumb_2.jpg]
[theme.stepofweb.com/Atropos/v1.6/HTML/assets/images/demo/magazine/article/thumb_3.jpg]
[theme.stepofweb.com/Atropos/v1.6/HTML/assets/images/demo/magazine/article/thumb_6.jpg]
[theme.stepofweb.com/Atropos/v1.6/HTML/assets/images/demo/magazine/article/thumb_7.jpg]
[theme.stepofweb.com/Atropos/v1.6/HTML/assets/images/demo/magazine/article/thumb_4.jpg]
[theme.stepofweb.com/Atropos/v1.6/HTML/magazine-home.html]
[theme.stepofweb.com/Atropos/v1.6/HTML/assets/images/demo/magazine/article/8.jpg]
[theme.stepofweb.com/Atropos/v1.6/HTML/assets/images/demo/magazine/article/7.jpg]
[theme.stepofweb.com/Atropos/v1.6/HTML/assets/images/demo/magazine/article/1.jpg]
[theme.stepofweb.com/Atropos/v1.6/HTML/assets/images/noimg.png]
[theme.stepofweb.com/Atropos/v1.6/HTML/assets/images/demo/magazine/article/thumb_8.jpg]
[theme.stepofweb.com/Atropos/v1.6/HTML/magazine-category.html]
[theme.stepofweb.com/Atropos/v1.6/HTML/assets/images/demo/magazine/article/3.jpg]
[theme.stepofweb.com/Atropos/v1.6/HTML/assets/images/demo/magazine/article/2.jpg]
[theme.stepofweb.com/Atropos/v1.6/HTML/assets/images/demo/magazine/article/4.jpg]
[theme.stepofweb.com/Atropos/v1.6/HTML/assets/images/avatar.png]
[theme.stepofweb.com/Atropos/v1.6/HTML/magazine-single.html]
[theme.stepofweb.com/Atropos/v1.6/HTML/assets/images/demo/realestate/images/4.jpg]
[theme.stepofweb.com/Atropos/v1.6/HTML/assets/images/demo/realestate/images/5.jpg]
[theme.stepofweb.com/Atropos/v1.6/HTML/realestate-list.html]
[theme.stepofweb.com/Atropos/v1.6/HTML/assets/images/demo/realestate/images/1.jpg]
[theme.stepofweb.com/Atropos/v1.6/HTML/assets/images/demo/realestate/images/6.jpg]
[theme.stepofweb.com/Atropos/v1.6/HTML/assets/images/demo/realestate/images/3.jpg]
[theme.stepofweb.com/Atropos/v1.6/HTML/realestate-single.html]
[theme.stepofweb.com/Atropos/v1.6/HTML/shop-full-width.html]
[theme.stepofweb.com/Atropos/v1.6/HTML/assets/images/demo/shop/view2.jpg]
[theme.stepofweb.com/Atropos/v1.6/HTML/assets/images/demo/shop/view3.jpg]
[theme.stepofweb.com/Atropos/v1.6/HTML/shop-product-full-width.html]
[theme.stepofweb.com/Atropos/v1.6/HTML/assets/plugins/egorkhmelev-jslider/css/_pack.css]
[theme.stepofweb.com/Atropos/v1.6/HTML/shop-sidebar.html]
[theme.stepofweb.com/Atropos/v1.6/HTML/shop-product-sidebar.html]
[theme.stepofweb.com/Atropos/v1.6/HTML/assets/plugins/egorkhmelev-jslider/js/_pack.js]
[theme.stepofweb.com/Atropos/v1.6/HTML/assets/images/cc/ico-american-express.jpg]
[theme.stepofweb.com/Atropos/v1.6/HTML/assets/images/cc/ico-discover.jpg]
[theme.stepofweb.com/Atropos/v1.6/HTML/assets/images/cc/ico-mastercard.jpg]
[theme.stepofweb.com/Atropos/v1.6/HTML/assets/images/cc/ico-visa.jpg]
[theme.stepofweb.com/Atropos/v1.6/HTML/assets/images/cc/ico-paypal.jpg]
[theme.stepofweb.com/Atropos/v1.6/HTML/shop-cc-pay.html]
[theme.stepofweb.com/Atropos/v1.6/HTML/assets/css/blog.css]
[theme.stepofweb.com/Atropos/v1.6/HTML/assets/images/demo/blog.jpg]
[theme.stepofweb.com/Atropos/v1.6/HTML/blog-full-width.html]
[theme.stepofweb.com/Atropos/v1.6/HTML/assets/images/1x1.png]
[theme.stepofweb.com/Atropos/v1.6/HTML/blog-left-sidebar.html]
[theme.stepofweb.com/Atropos/v1.6/HTML/blog-right-sidebar.html]
[theme.stepofweb.com/Atropos/v1.6/HTML/blog-timeline.html]
[theme.stepofweb.com/Atropos/v1.6/HTML/blog-masonry.html]
[theme.stepofweb.com/Atropos/v1.6/HTML/blog-masonry-full-width.html]
[theme.stepofweb.com/Atropos/v1.6/HTML/blog-masonry-sidebar.html]
[theme.stepofweb.com/Atropos/v1.6/HTML/blog-post.html]
[theme.stepofweb.com/Atropos/v1.6/HTML/assets/css/portfolio.css]
[theme.stepofweb.com/Atropos/v1.6/HTML/portfolio-2-columns.html]
[theme.stepofweb.com/Atropos/v1.6/HTML/portfolio-3-columns.html]
[theme.stepofweb.com/Atropos/v1.6/HTML/portfolio-4-columns.html]
[theme.stepofweb.com/Atropos/v1.6/HTML/portfolio-lightbox.html]
[theme.stepofweb.com/Atropos/v1.6/HTML/portfolio-full-width.html]
[theme.stepofweb.com/Atropos/v1.6/HTML/portfolio-full-center.html]
[theme.stepofweb.com/Atropos/v1.6/HTML/assets/images/demo/portfolio/tumblr_mopqj9QUeq1st5lhmo1_12801.jpg]
[theme.stepofweb.com/Atropos/v1.6/HTML/portfolio-single.html]
[theme.stepofweb.com/Atropos/v1.6/HTML/portfolio-single-extended.html]
[theme.stepofweb.com/Atropos/v1.6/HTML/assets/images/demo/portfolio/weather-app.jpg]
[theme.stepofweb.com/Atropos/v1.6/HTML/portfolio-single-full-slider.html]
[theme.stepofweb.com/Atropos/v1.6/HTML/assets/plugins/bootstrap/fonts/glyphicons-halflings-regular.svg]
[theme.stepofweb.com/Atropos/v1.6/HTML/assets/fonts/fontawesome-webfont862f.svg]
[theme.stepofweb.com/Atropos/v1.6/HTML/assets/plugins/revolution-slider/font/revicons90c6.svg]
[theme.stepofweb.com/Atropos/v1.6/HTML/assets/css/shop.css]
[theme.stepofweb.com/Atropos/v1.6/HTML/assets/images/demo/video/1.webm]
[theme.stepofweb.com/Atropos/v1.6/HTML/assets/images/demo/video/1.mp4]
[theme.stepofweb.com/Atropos/v1.6/HTML/assets/images/demo/video/1.ogv]
[theme.stepofweb.com/Atropos/v1.6/HTML/revolution-official-2.html]
[theme.stepofweb.com/Atropos/v1.6/HTML/assets/images/demo/revolution_slider/bg1.jpg]
[theme.stepofweb.com/Atropos/v1.6/HTML/assets/images/demo/revolution_slider/bg2.jpg]
[theme.stepofweb.com/Atropos/v1.6/HTML/assets/images/demo/revolution_slider/bg3.jpg]
[theme.stepofweb.com/Atropos/v1.6/HTML/assets/images/demo/revolution_slider/bg4.jpg]
[theme.stepofweb.com/Atropos/v1.6/HTML/revolution-official-3.html]
[theme.stepofweb.com/Atropos/v1.6/HTML/revolution-official-4.html]
[theme.stepofweb.com/Atropos/v1.6/HTML/revolution-official-5.html]
[theme.stepofweb.com/Atropos/v1.6/HTML/revolution-official-6.html]
[theme.stepofweb.com/Atropos/v1.6/HTML/assets/images/demo/revolution_slider/videoshadow.png]
[theme.stepofweb.com/Atropos/v1.6/HTML/revolution-official-7.html]
[theme.stepofweb.com/Atropos/v1.6/HTML/revolution-official-8.html]
[theme.stepofweb.com/Atropos/v1.6/HTML/revolution-official-9.html]
[theme.stepofweb.com/Atropos/v1.6/HTML/revolution-official-10.html]
[theme.stepofweb.com/Atropos/v1.6/HTML/revolution-official-11.html]
[theme.stepofweb.com/Atropos/v1.6/HTML/assets/images/demo/revolution_slider/transparent.png]
[theme.stepofweb.com/Atropos/v1.6/HTML/revolution-official-12.html]
[theme.stepofweb.com/Atropos/v1.6/HTML/revolution-official-13.html]
[theme.stepofweb.com/Atropos/v1.6/HTML/revolution-official-14.html]
[theme.stepofweb.com/Atropos/v1.6/HTML/revolution-official-15.html]
[theme.stepofweb.com/Atropos/v1.6/HTML/revolution-official-16.html]
[theme.stepofweb.com/Atropos/v1.6/HTML/revolution-official-17.html]
[theme.stepofweb.com/Atropos/v1.6/HTML/assets/images/demo/portfolio/8.jpg]
[theme.stepofweb.com/Atropos/v1.6/HTML/shop-cart1f15.html]
[theme.stepofweb.com/Atropos/v1.6/HTML/assets/images/icon/realestate/small/bed-ico.png]
[theme.stepofweb.com/Atropos/v1.6/HTML/assets/images/icon/realestate/small/furnished-ico.png]
[theme.stepofweb.com/Atropos/v1.6/HTML/assets/images/icon/realestate/small/garage-ico.png]
[theme.stepofweb.com/Atropos/v1.6/HTML/assets/images/icon/realestate/small/home-ico.png]
[theme.stepofweb.com/Atropos/v1.6/HTML/assets/css/realestate.css]
[theme.stepofweb.com/Atropos/v1.6/HTML/assets/css/countdown.css]
[theme.stepofweb.com/Atropos/v1.6/HTML/shortcodes-counters.html]
[theme.stepofweb.com/Atropos/v1.6/HTML/shortcodes-toggles.html]
[theme.stepofweb.com/Atropos/v1.6/HTML/shortcodes-forms.html]
[theme.stepofweb.com/Atropos/v1.6/HTML/shortcodes-editor.html]
[theme.stepofweb.com/Atropos/v1.6/HTML/shortcodes-buttons.html]
[theme.stepofweb.com/Atropos/v1.6/HTML/shortcodes-tabs-and-accordions.html]
[theme.stepofweb.com/Atropos/v1.6/HTML/shortcodes-callouts.html]
[theme.stepofweb.com/Atropos/v1.6/HTML/shortcodes-dividers.html]
[theme.stepofweb.com/Atropos/v1.6/HTML/assets/images/demo/people/fixed-height/1.jpg]
[theme.stepofweb.com/Atropos/v1.6/HTML/assets/plugins/html_summernote/summernote.min.js]
[theme.stepofweb.com/Atropos/v1.6/HTML/assets/images/demo/people/fixed-height/2.jpg]
[theme.stepofweb.com/Atropos/v1.6/HTML/shortcodes-lightbox.html]
[theme.stepofweb.com/Atropos/v1.6/HTML/shortcodes-icons-and-boxes.html]
[theme.stepofweb.com/Atropos/v1.6/HTML/shortcodes-carousel.html]
[theme.stepofweb.com/Atropos/v1.6/HTML/shortcodes-progress-bars.html]
[theme.stepofweb.com/Atropos/v1.6/HTML/shortcodes-alerts.html]
[theme.stepofweb.com/Atropos/v1.6/HTML/shortcodes-video.html]
[theme.stepofweb.com/Atropos/v1.6/HTML/shortcodes-tooltips-and-popover.html]
[theme.stepofweb.com/Atropos/v1.6/HTML/shortcodes-modals.html]
[theme.stepofweb.com/Atropos/v1.6/HTML/shop-login.html]
[theme.stepofweb.com/Atropos/v1.6/HTML/realestate-page.html]
[theme.stepofweb.com/Atropos/v1.6/HTML/feature-superslide-slider.html]
[theme.stepofweb.com/Atropos/v1.6/HTML/magazine-page.html]
[theme.stepofweb.com/Atropos/v1.6/HTML/blog.html]
[theme.stepofweb.com/Atropos/v1.6/HTML/assets/plugins/egorkhmelev-jslider/img/jslider.png]
[theme.stepofweb.com/Atropos/v1.6/HTML/assets/plugins/egorkhmelev-jslider/img/jslider.blue.png]
[theme.stepofweb.com/Atropos/v1.6/HTML/assets/plugins/egorkhmelev-jslider/img/jslider.plastic.png]
[theme.stepofweb.com/Atropos/v1.6/HTML/assets/plugins/egorkhmelev-jslider/img/jslider.round.png]
[theme.stepofweb.com/Atropos/v1.6/HTML/assets/plugins/egorkhmelev-jslider/img/jslider.round.plastic.png]
[theme.stepofweb.com/Atropos/v1.6/HTML/assets/plugins/egorkhmelev-jslider/css/_pack.css]
[theme.stepofweb.com/Atropos/v1.6/HTML/assets/css/blog.css]
[theme.stepofweb.com/Atropos/v1.6/HTML/assets/images/preview/slider/1.html]
[theme.stepofweb.com/Atropos/v1.6/HTML/project-external-1.html]
[theme.stepofweb.com/Atropos/v1.6/HTML/project-external-2.html]
[theme.stepofweb.com/Atropos/v1.6/HTML/project-external-3.html]
[theme.stepofweb.com/Atropos/v1.6/HTML/assets/css/portfolio.css]
[theme.stepofweb.com/Atropos/v1.6/HTML/assets/images/demo/portfolio/weather-app-600x403.html]
[theme.stepofweb.com/Atropos/v1.6/HTML/assets/images/demo/video/1.mp4]
